Дата: 23.10.2024, 22:26:35 - Код ошибки: 100. Тип запроса: check. Учетная запись: 1110. Сумма: 10.00. Идентификатор запроса: 1318270000.
Дата: 23.10.2024, 22:27:32 - Код ошибки: 100. Тип запроса: check. Учетная запись: 1110. Сумма: 10.00. Идентификатор запроса: 1318270001.
Дата: 23.10.2024, 22:54:18 - Код ошибки: 100. Тип запроса: check. Учетная запись: 1110. Сумма: 10.00. Идентификатор запроса: 1418270002.
Дата: 24.10.2024, 14:26:00 - Неверный формат запроса {"QueryType":"check","TransactionId":"1418270005","TransactionDate":"20241023223000","Account":"1110"}. Ошибка с текстом: {}
Дата: 24.10.2024, 16:45:55 - Неверный формат запроса {"QueryType":"check","TransactionIdd":"1418270005","TransactionDate":"20241023223000","Account":"1110"}. Ошибка с текстом: {}
Дата: 24.10.2024, 16:47:01 - Неверный формат запроса {"QueryType":"cancel","TransactionId":"1418270005","TransactionDate":"20241023224000","Account":"1110","Amount":"10.00"}. Ошибка с текстом: {}
